kirilldechko@qap:~$ ls -l /dev/null
crw-rw-rw- 1 root root 1, 3 Dec 31  2023 /dev/null (с - файл символьного устройства)
kirilldechko@qap:~$ ls -l /dev/zero
crw-rw-rw- 1 root root 1, 5 Dec 31  2023 /dev/zero  (с - файл символьного устройства)
kirilldechko@qap:~$ ls -l /dev/tty
crw-rw-rw- 1 root tty 5, 0 Sep  4 18:45 /dev/tty (с - файл символьного устройства)

kirilldechko@qap:~$ ls -l /dev/sda
ls: cannot access '/dev/sda': No such file or directory

kirilldechko@qap:~$ ls -l /root
ls: cannot open directory '/root': Permission denied

kirilldechko@qap:~$ ls -l /etc/passwd
-rw-r--r-- 1 root root 6492 Oct  1 08:08 /etc/passwd (- обычный файл)
kirilldechko@qap:~$ ls -l /bin/ls
-rwxr-xr-x 1 root root 142144 Sep  5  2019 /bin/ls (- обычный файл)
kirilldechko@qap:~$ ls -l /bin/zcat
-rwxr-xr-x 1 root root 1984 Apr  8  2022 /bin/zcat (- обычный файл)

kirilldechko@qap:~$ ls -l /proc/mounts
lrwxrwxrwx 1 root root 11 Oct  6 07:36 /proc/mounts -> self/mounts (l - сомвольная ссылка)